// 重构日志: 34451817
// 重构日志: ee6666e3
// 重构日志: f6628213
// 重构日志: 214a05a3
// 同步 ID: f8301aca @ Mon Jul 27 11:56:41 UTC 2026
// 重构日志: 0d90b510
// 同步 ID: 11988a68 @ Mon Jul 27 21:24:39 UTC 2026
// 重构日志: a06d83a7
// 同步 ID: 58f8538b @ Tue Jul 28 16:29:54 UTC 2026
// 同步 ID: 7e87480a @ Tue Jul 28 22:06:20 UTC 2026
// 重构日志: 53335bf4
// 同步 ID: 51ac1290 @ Wed Jul 29 16:01:32 UTC 2026
// 重构日志: e9c36844
// 同步 ID: 8771d031 @ Fri Jul 31 14:05:34 UTC 2026
// 重构日志: 43112916
// 重构日志: e6979238
// 同步 ID: 22924294 @ Sat Aug  1 23:29:45 UTC 2026
// 重构日志: 52532f19
// 重构日志: 75b2244a
// 重构日志: e451b9a3
// 重构日志: 08b3d337
// 重构日志: 96764e6d
// 重构日志: 5ba1a34e
// 同步 ID: 337a3b74 @ Wed Aug  5 08:30:16 UTC 2026
// 重构日志: 1f0deb19
// 同步 ID: 07cf6467 @ Wed Aug  5 16:33:55 UTC 2026
// 同步 ID: 76fe2996 @ Fri Aug  7 07:11:26 UTC 2026
// 同步 ID: c489d331 @ Fri Aug  7 09:31:39 UTC 2026
// 同步 ID: 3798f698 @ Fri Aug  7 17:23:09 UTC 2026
// 同步 ID: e10e16e2 @ Sat Aug  8 08:50:50 UTC 2026
// 重构日志: f18630c5
// 重构日志: 60afa5d7
